// Jest Snapshot v1, https://goo.gl/fbAQLP

exports[`check identity screen should dispatch the getCurrentUser action when component is mounting. 1`] = `
Array [
  Object {
    "type": "FIRE_GET_CURRENT_USER_ACTION",
    "user": null,
  },
]
`;

exports[`check identity screen should render correctly. 1`] = `
<Component
  style={
    Object {
      "alignItems": "center",
      "flex": 1,
      "justifyContent": "center",
    }
  }
>
  <ActivityIndicator
    animating={true}
    color="#999999"
    hidesWhenStopped={true}
    size="large"
  />
  <StatusBar
    animated={false}
    barStyle="default"
    showHideTransition="fade"
  />
</Component>
`;
